// Jest Snapshot v1, https://goo.gl/fbAQLP

exports[`MobileNavbar renders correctly 1`] = `
.c7 {
  display: inline-block;
  vertical-align: middle;
  overflow: hidden;
}

.c19 {
  display: inline-block;
  vertical-align: -.125em;
  overflow: hidden;
}

.c3 svg {
  display: inline-block;
}

.c3 svg path {
  fill: currentColor;
}

.c14 {
  -webkit-flex: 0 0 auto;
  -ms-flex: 0 0 auto;
  flex: 0 0 auto;
  width: 0.2777777777777778rem;
  height: 0.2777777777777778rem;
  margin: 0 0.8333333333333334rem;
  border-radius: 50%;
  background: currentColor;
  opacity: 0.35;
}

.c12 {
  display: -webkit-box;
  display: -webkit-flex;
  display: -ms-flexbox;
  display: flex;
  -webkit-align-items: center;
  -webkit-box-align: center;
  -ms-flex-align: center;
  align-items: center;
  -webkit-flex: 0 0 auto;
  -ms-flex: 0 0 auto;
  flex: 0 0 auto;
  margin-right: 1.6666666666666667rem;
}

.c13 {
  -webkit-flex: 0 0 auto;
  -ms-flex: 0 0 auto;
  flex: 0 0 auto;
  display: inline-block;
  line-height: 2.7777777777777777rem;
  -webkit-transition: opacity 0.2s,-webkit-transform 0.2s;
  -webkit-transition: opacity 0.2s,transform 0.2s;
  transition: opacity 0.2s,transform 0.2s;
  cursor: pointer;
  -webkit-letter-spacing: 0.022222222222222223rem;
  -moz-letter-spacing: 0.022222222222222223rem;
  -ms-letter-spacing: 0.022222222222222223rem;
  letter-spacing: 0.022222222222222223rem;
  color: currentColor;
}

.c13:hover,
.c13:focus {
  opacity: 0.8;
}

.c13:active {
  -webkit-transform: scale(0.95);
  -ms-transform: scale(0.95);
  transform: scale(0.95);
  opacity: 0.6;
}

.c16 {
  display: -webkit-box;
  display: -webkit-flex;
  display: -ms-flexbox;
  display: flex;
  -webkit-align-items: center;
  -webkit-box-align: center;
  -ms-flex-align: center;
  align-items: center;
  -webkit-flex: 1 1 auto;
  -ms-flex: 1 1 auto;
  flex: 1 1 auto;
}

.c17 {
  display: -webkit-box;
  display: -webkit-flex;
  display: -ms-flexbox;
  display: flex;
  margin-right: 1.1111111111111112rem;
  line-height: 2.7777777777777777rem;
  -webkit-transition: opacity 0.2s,-webkit-transform 0.2s;
  -webkit-transition: opacity 0.2s,transform 0.2s;
  transition: opacity 0.2s,transform 0.2s;
  cursor: pointer;
}

.c17:last-child {
  margin-right: 0;
}

.c17:hover,
.c17:focus {
  opacity: 0.8;
}

.c17:active {
  -webkit-transform: scale(0.95);
  -ms-transform: scale(0.95);
  transform: scale(0.95);
  opacity: 0.6;
}

.c17 svg path {
  fill: currentColor;
}

.c18 {
  width: 0.7777777777777778rem;
  height: 0.7777777777777778rem;
}

.c20.c20 {
  width: NaNrem;
  height: 1rem;
}

.c5 {
  display: inline-block;
  vertical-align: middle;
  box-sizing: border-box;
  background-position: center;
  background-size: contain;
  background-image: url(/icon.png);
  width: 5.555555555555555rem;
  height: 1.6666666666666667rem;
}

.c2 {
  background: none;
  outline: none;
  border: none;
  background: rgba(0,0,0,0.07);
  cursor: pointer;
  -webkit-flex: 0 0 auto;
  -ms-flex: 0 0 auto;
  flex: 0 0 auto;
  height: 2.7777777777777777rem;
  padding: 0 0.5555555555555556rem;
  text-align: center;
  vertical-align: middle;
}

.c2 + .c1 {
  padding-left: 0;
}

.c6 {
  background: none;
  outline: none;
  border: none;
  background: none;
  cursor: pointer;
  -webkit-flex: 0 0 auto;
  -ms-flex: 0 0 auto;
  flex: 0 0 auto;
  height: 2.7777777777777777rem;
  padding: 0 0.5555555555555556rem;
  text-align: center;
  vertical-align: middle;
}

.c6 + .c1 {
  padding-left: 0;
}

.c0 {
  display: none;
}

.c11 {
  position: absolute;
  top: 2.7777777777777777rem;
  left: 0;
  right: 0;
  height: 2.7777777777777777rem;
  display: -webkit-box;
  display: -webkit-flex;
  display: -ms-flexbox;
  display: flex;
  -webkit-flex-wrap: nowrap;
  -ms-flex-wrap: nowrap;
  flex-wrap: nowrap;
  -webkit-align-items: center;
  -webkit-box-align: center;
  -ms-flex-align: center;
  align-items: center;
  -webkit-box-pack: justify;
  -webkit-justify-content: space-between;
  -ms-flex-pack: justify;
  justify-content: space-between;
  padding: 0 1.1111111111111112rem;
  -webkit-transition: height 0.1s;
  transition: height 0.1s;
  -webkit-user-select: none;
  -moz-user-select: none;
  -ms-user-select: none;
  user-select: none;
  -webkit-overflow-scrolling: touch;
  overflow-x: scroll;
  overflow-y: hidden;
  background: #efefef;
  color: #868686;
}

.c4 {
  display: inline-block;
  vertical-align: center;
}

.c9 {
  -webkit-transition: -webkit-transform 0.2s;
  -webkit-transition: transform 0.2s;
  transition: transform 0.2s;
  -webkit-transform-origin: center center;
  -ms-transform-origin: center center;
  transform-origin: center center;
  -webkit-transform: rotate(180deg);
  -ms-transform: rotate(180deg);
  transform: rotate(180deg);
}

.c15 {
  padding-right: 1.1111111111111112rem;
}

.c8.c8 {
  width: 1.5555555555555556rem;
  height: 1.5555555555555556rem;
}

.c10.c10 {
  width: 2rem;
  height: 2rem;
}

@media (max-width:62.5em) {
  .c0 {
    display: -webkit-box;
    display: -webkit-flex;
    display: -ms-flexbox;
    display: flex;
    -webkit-align-items: center;
    -webkit-box-align: center;
    -ms-flex-align: center;
    align-items: center;
    -webkit-box-pack: justify;
    -webkit-justify-content: space-between;
    -ms-flex-pack: justify;
    justify-content: space-between;
    height: 2.7777777777777777rem;
  }
}

<div
  className="c0"
>
  <button
    className="c1 c2"
  >
    <svg
      className="c3"
      height="15"
      width="15"
      xmlns="http://www.w3.org/2000/svg"
      xmlnsXlink="http://www.w3.org/1999/xlink"
    >
      <title>
        close
      </title>
      <use
        fill="#FFF"
        transform="translate(1 1)"
        xlinkHref="#close"
      />
      <defs>
        <path
          d="M-.7.7l13 13 1.4-1.4-13-13L-.7.7zm13-1.4l-13 13 1.4 1.4 13-13-1.4-1.4z"
          id="close"
        />
      </defs>
    </svg>
  </button>
  <a
    aria-label="styled components"
    className="c4"
    href="/"
  >
    <div
      className="c5"
    />
  </a>
  <div>
    <button
      className="c1 c6"
    >
      <svg
        aria-hidden="true"
        className="c7 c8"
        fill="currentColor"
        focusable="false"
        height={28}
        viewBox="0 0 24 24"
        width={28}
        xmlns="http://www.w3.org/2000/svg"
      >
        <path
          d="M15.5 14h-.79l-.28-.27A6.471 6.471 0 0016 9.5 6.5 6.5 0 109.5 16c1.61 0 3.09-.59 4.23-1.57l.27.28v.79l5 4.99L20.49 19l-4.99-5zm-6 0C7.01 14 5 11.99 5 9.5S7.01 5 9.5 5 14 7.01 14 9.5 11.99 14 9.5 14z"
        />
        <path
          d="M0 0h24v24H0z"
          fill="none"
        />
      </svg>
    </button>
    <button
      className="c1 c2"
    >
      <div
        className="c9"
      >
        <svg
          aria-hidden="true"
          className="c7 c10"
          fill="currentColor"
          focusable="false"
          height={36}
          viewBox="0 0 24 24"
          width={36}
          xmlns="http://www.w3.org/2000/svg"
        >
          <path
            d="M7.41 8.59L12 13.17l4.59-4.58L18 10l-6 6-6-6 1.41-1.41z"
          />
          <path
            d="M0 0h24v24H0V0z"
            fill="none"
          />
        </svg>
      </div>
    </button>
  </div>
  <div
    className="c11"
  >
    <nav
      className="c12"
    >
      <a
        className="c13"
        href="/docs"
      >
        Documentation
      </a>
      <span
        className="c14"
      />
      <a
        className="c13"
        href="/showcase"
      >
        Showcase
      </a>
      <span
        className="c14"
      />
      <a
        className="c13"
        href="/ecosystem"
      >
        Ecosystem
      </a>
      <span
        className="c14"
      />
      <a
        className="c13"
        href="/releases"
      >
        Releases
      </a>
    </nav>
    <div
      className="c15"
    >
      <nav
        className="c16"
      >
        <a
          className="c17"
          href="https://spectrum.chat/styled-components/"
        >
          <svg
            className="c18"
            height="14"
            viewBox="0 0 15 15"
            width="14"
          >
            <title>
              spectrum
            </title>
            <path
              d="M0 6.5V1c0-.6.4-1 1-1 9 .3 13.7 5 14 14 0 .6-.4 1-1 1H8.5c-.6 0-1-.4-1-1-.3-4.4-2-6.2-6.5-6.5-.6 0-1-.4-1-1z"
              fill="#FFF"
            />
          </svg>
        </a>
        <a
          className="c17"
          href="https://github.com/styled-components"
        >
          <svg
            aria-hidden="true"
            className="c19 c20"
            fill="currentColor"
            focusable="false"
            height="18"
            viewBox="0 0 496 512"
            xmlns="http://www.w3.org/2000/svg"
          >
            <path
              d="M165.9 397.4c0 2-2.3 3.6-5.2 3.6-3.3.3-5.6-1.3-5.6-3.6 0-2 2.3-3.6 5.2-3.6 3-.3 5.6 1.3 5.6 3.6zm-31.1-4.5c-.7 2 1.3 4.3 4.3 4.9 2.6 1 5.6 0 6.2-2s-1.3-4.3-4.3-5.2c-2.6-.7-5.5.3-6.2 2.3zm44.2-1.7c-2.9.7-4.9 2.6-4.6 4.9.3 2 2.9 3.3 5.9 2.6 2.9-.7 4.9-2.6 4.6-4.6-.3-1.9-3-3.2-5.9-2.9zM244.8 8C106.1 8 0 113.3 0 252c0 110.9 69.8 205.8 169.5 239.2 12.8 2.3 17.3-5.6 17.3-12.1 0-6.2-.3-40.4-.3-61.4 0 0-70 15-84.7-29.8 0 0-11.4-29.1-27.8-36.6 0 0-22.9-15.7 1.6-15.4 0 0 24.9 2 38.6 25.8 21.9 38.6 58.6 27.5 72.9 20.9 2.3-16 8.8-27.1 16-33.7-55.9-6.2-112.3-14.3-112.3-110.5 0-27.5 7.6-41.3 23.6-58.9-2.6-6.5-11.1-33.3 2.6-67.9 20.9-6.5 69 27 69 27 20-5.6 41.5-8.5 62.8-8.5s42.8 2.9 62.8 8.5c0 0 48.1-33.6 69-27 13.7 34.7 5.2 61.4 2.6 67.9 16 17.7 25.8 31.5 25.8 58.9 0 96.5-58.9 104.2-114.8 110.5 9.2 7.9 17 22.9 17 46.4 0 33.7-.3 75.4-.3 83.6 0 6.5 4.6 14.4 17.3 12.1C428.2 457.8 496 362.9 496 252 496 113.3 383.5 8 244.8 8zM97.2 352.9c-1.3 1-1 3.3.7 5.2 1.6 1.6 3.9 2.3 5.2 1 1.3-1 1-3.3-.7-5.2-1.6-1.6-3.9-2.3-5.2-1zm-10.8-8.1c-.7 1.3.3 2.9 2.3 3.9 1.6 1 3.6.7 4.3-.7.7-1.3-.3-2.9-2.3-3.9-2-.6-3.6-.3-4.3.7zm32.4 35.6c-1.6 1.3-1 4.3 1.3 6.2 2.3 2.3 5.2 2.6 6.5 1 1.3-1.3.7-4.3-1.3-6.2-2.2-2.3-5.2-2.6-6.5-1zm-11.4-14.7c-1.6 1-1.6 3.6 0 5.9 1.6 2.3 4.3 3.3 5.6 2.3 1.6-1.3 1.6-3.9 0-6.2-1.4-2.3-4-3.3-5.6-2z"
              fill="currentColor"
            />
          </svg>
        </a>
        <a
          className="c17"
          href="https://medium.com/styled-components"
        >
          <svg
            aria-hidden="true"
            className="c19 c20"
            fill="currentColor"
            focusable="false"
            height="18"
            viewBox="0 0 512 512"
            xmlns="http://www.w3.org/2000/svg"
          >
            <path
              d="M71.5 142.3c.6-5.9-1.7-11.8-6.1-15.8L20.3 72.1V64h140.2l108.4 237.7L364.2 64h133.7v8.1l-38.6 37c-3.3 2.5-5 6.7-4.3 10.8v272c-.7 4.1 1 8.3 4.3 10.8l37.7 37v8.1H307.3v-8.1l39.1-37.9c3.8-3.8 3.8-5 3.8-10.8V171.2L241.5 447.1h-14.7L100.4 171.2v184.9c-1.1 7.8 1.5 15.6 7 21.2l50.8 61.6v8.1h-144v-8L65 377.3c5.4-5.6 7.9-13.5 6.5-21.2V142.3z"
              fill="currentColor"
            />
          </svg>
        </a>
      </nav>
    </div>
  </div>
</div>
`;
