// Jest Snapshot v1, https://goo.gl/fbAQLP

exports[`Navbar renders correctly 1`] = `
.c12 {
  display: inline-block;
  vertical-align: middle;
  overflow: hidden;
}

.c24 {
  display: inline-block;
  vertical-align: -.125em;
  overflow: hidden;
}

.c8 {
  -webkit-flex: 0 0 auto;
  -ms-flex: 0 0 auto;
  flex: 0 0 auto;
  width: 0.2777777777777778rem;
  height: 0.2777777777777778rem;
  margin: 0 0.8333333333333334rem;
  border-radius: 50%;
  background: currentColor;
  opacity: 0.35;
}

.c6 {
  display: -webkit-box;
  display: -webkit-flex;
  display: -ms-flexbox;
  display: flex;
  -webkit-align-items: center;
  -webkit-box-align: center;
  -ms-flex-align: center;
  align-items: center;
  -webkit-flex: 0 0 auto;
  -ms-flex: 0 0 auto;
  flex: 0 0 auto;
  margin-right: 1.6666666666666667rem;
}

.c7 {
  -webkit-flex: 0 0 auto;
  -ms-flex: 0 0 auto;
  flex: 0 0 auto;
  display: inline-block;
  line-height: 2.7777777777777777rem;
  -webkit-transition: opacity 0.2s,-webkit-transform 0.2s;
  -webkit-transition: opacity 0.2s,transform 0.2s;
  transition: opacity 0.2s,transform 0.2s;
  cursor: pointer;
  -webkit-letter-spacing: 0.022222222222222223rem;
  -moz-letter-spacing: 0.022222222222222223rem;
  -ms-letter-spacing: 0.022222222222222223rem;
  letter-spacing: 0.022222222222222223rem;
  color: currentColor;
}

.c7:hover,
.c7:focus {
  opacity: 0.8;
}

.c7:active {
  -webkit-transform: scale(0.95);
  -ms-transform: scale(0.95);
  transform: scale(0.95);
  opacity: 0.6;
}

.c20 {
  display: -webkit-box;
  display: -webkit-flex;
  display: -ms-flexbox;
  display: flex;
  -webkit-align-items: center;
  -webkit-box-align: center;
  -ms-flex-align: center;
  align-items: center;
  -webkit-flex: 1 1 auto;
  -ms-flex: 1 1 auto;
  flex: 1 1 auto;
}

.c22 {
  display: -webkit-box;
  display: -webkit-flex;
  display: -ms-flexbox;
  display: flex;
  margin-right: 1.1111111111111112rem;
  line-height: 2.7777777777777777rem;
  -webkit-transition: opacity 0.2s,-webkit-transform 0.2s;
  -webkit-transition: opacity 0.2s,transform 0.2s;
  transition: opacity 0.2s,transform 0.2s;
  cursor: pointer;
}

.c22:last-child {
  margin-right: 0;
}

.c22:hover,
.c22:focus {
  opacity: 0.8;
}

.c22:active {
  -webkit-transform: scale(0.95);
  -ms-transform: scale(0.95);
  transform: scale(0.95);
  opacity: 0.6;
}

.c22 svg path {
  fill: currentColor;
}

.c23 {
  width: 0.7777777777777778rem;
  height: 0.7777777777777778rem;
}

.c25.c25 {
  width: NaNrem;
  height: 1rem;
}

.c5 {
  display: inline-block;
  vertical-align: middle;
  box-sizing: border-box;
  background-position: center;
  background-size: contain;
  background-image: url(/nav-logo.png);
  width: 9.11111111111111rem;
  height: 2.2222222222222223rem;
}

.c31 {
  display: inline-block;
  vertical-align: middle;
  box-sizing: border-box;
  background-position: center;
  background-size: contain;
  background-image: url(/icon.png);
  width: 5.555555555555555rem;
  height: 1.6666666666666667rem;
}

.c29 svg {
  display: inline-block;
}

.c29 svg path {
  fill: currentColor;
}

.c28 {
  background: none;
  outline: none;
  border: none;
  background: rgba(0,0,0,0.07);
  cursor: pointer;
  -webkit-flex: 0 0 auto;
  -ms-flex: 0 0 auto;
  flex: 0 0 auto;
  height: 2.7777777777777777rem;
  padding: 0 0.5555555555555556rem;
  text-align: center;
  vertical-align: middle;
}

.c28 + .c27 {
  padding-left: 0;
}

.c32 {
  background: none;
  outline: none;
  border: none;
  background: none;
  cursor: pointer;
  -webkit-flex: 0 0 auto;
  -ms-flex: 0 0 auto;
  flex: 0 0 auto;
  height: 2.7777777777777777rem;
  padding: 0 0.5555555555555556rem;
  text-align: center;
  vertical-align: middle;
}

.c32 + .c27 {
  padding-left: 0;
}

.c26 {
  display: none;
}

.c36 {
  position: absolute;
  top: 2.7777777777777777rem;
  left: 0;
  right: 0;
  height: 2.7777777777777777rem;
  display: -webkit-box;
  display: -webkit-flex;
  display: -ms-flexbox;
  display: flex;
  -webkit-flex-wrap: nowrap;
  -ms-flex-wrap: nowrap;
  flex-wrap: nowrap;
  -webkit-align-items: center;
  -webkit-box-align: center;
  -ms-flex-align: center;
  align-items: center;
  -webkit-box-pack: justify;
  -webkit-justify-content: space-between;
  -ms-flex-pack: justify;
  justify-content: space-between;
  padding: 0 1.1111111111111112rem;
  -webkit-transition: height 0.1s;
  transition: height 0.1s;
  -webkit-user-select: none;
  -moz-user-select: none;
  -ms-user-select: none;
  user-select: none;
  -webkit-overflow-scrolling: touch;
  overflow-x: scroll;
  overflow-y: hidden;
  background: #efefef;
  color: #868686;
}

.c30 {
  display: inline-block;
  vertical-align: center;
}

.c34 {
  -webkit-transition: -webkit-transform 0.2s;
  -webkit-transition: transform 0.2s;
  transition: transform 0.2s;
  -webkit-transform-origin: center center;
  -ms-transform-origin: center center;
  transform-origin: center center;
  -webkit-transform: rotate(180deg);
  -ms-transform: rotate(180deg);
  transform: rotate(180deg);
}

.c37 {
  padding-right: 1.1111111111111112rem;
}

.c33.c33 {
  width: 1.5555555555555556rem;
  height: 1.5555555555555556rem;
}

.c35.c35 {
  width: 2rem;
  height: 2rem;
}

.c16 {
  display: -webkit-box;
  display: -webkit-flex;
  display: -ms-flexbox;
  display: flex;
  -webkit-align-items: center;
  -webkit-box-align: center;
  -ms-flex-align: center;
  align-items: center;
  -webkit-box-pack: start;
  -webkit-justify-content: flex-start;
  -ms-flex-pack: start;
  justify-content: flex-start;
  -webkit-flex: 0 0 auto;
  -ms-flex: 0 0 auto;
  flex: 0 0 auto;
}

.c19 {
  background: none;
  outline: none;
  border: none;
  -webkit-appearance: none;
  -moz-appearance: none;
  appearance: none;
  -webkit-flex: 0 0 auto;
  -ms-flex: 0 0 auto;
  flex: 0 0 auto;
  width: 7.222222222222222rem;
  line-height: 1.6666666666666667rem;
  font-size: 0.8333333333333334rem;
  color: currentColor;
}

.c19::-webkit-input-placeholder {
  color: currentColor;
  opacity: 0.5;
  -webkit-transition: opacity 0.2s ease-in-out;
  transition: opacity 0.2s ease-in-out;
}

.c19::-moz-placeholder {
  color: currentColor;
  opacity: 0.5;
  -webkit-transition: opacity 0.2s ease-in-out;
  transition: opacity 0.2s ease-in-out;
}

.c19:-ms-input-placeholder {
  color: currentColor;
  opacity: 0.5;
  -webkit-transition: opacity 0.2s ease-in-out;
  transition: opacity 0.2s ease-in-out;
}

.c19::placeholder {
  color: currentColor;
  opacity: 0.5;
  -webkit-transition: opacity 0.2s ease-in-out;
  transition: opacity 0.2s ease-in-out;
}

.c19:focus::-webkit-input-placeholder {
  opacity: 0.8;
}

.c19:focus::-moz-placeholder {
  opacity: 0.8;
}

.c19:focus:-ms-input-placeholder {
  opacity: 0.8;
}

.c19:focus::placeholder {
  opacity: 0.8;
}

.c17 {
  background: none;
  outline: none;
  border: none;
  -webkit-flex: 0 0 auto;
  -ms-flex: 0 0 auto;
  flex: 0 0 auto;
  background: none;
  outline: none;
  border: none;
  -webkit-flex: 0 0 auto;
  -ms-flex: 0 0 auto;
  flex: 0 0 auto;
  margin-right: 0.2222222222222222rem;
  cursor: pointer;
  display: -webkit-box;
  display: -webkit-flex;
  display: -ms-flexbox;
  display: flex;
}

.c17:hover,
.c17:focus {
  opacity: 0.7;
  -webkit-filter: drop-shadow(0 1px 2px rgba(0,0,0,0.2));
  filter: drop-shadow(0 1px 2px rgba(0,0,0,0.2));
}

.c17:active {
  background: rgba(0,0,0,0.1);
}

.c17 .c18 {
  width: 1.4444444444444444rem;
  height: 1.4444444444444444rem;
}

.c0 {
  position: fixed;
  left: 0;
  box-sizing: border-box;
  z-index: 3;
  width: 100%;
  height: 2.7777777777777777rem;
  font-family: "Avenir Next",-apple-system,BlinkMacSystemFont,"Segoe UI",Helvetica,Arial,sans-serif,"Apple Color Emoji","Segoe UI Emoji","Segoe UI Symbol";
  font-size: 0.8333333333333334rem;
  font-weight: 500;
  background: rgb(219,112,147);
  -webkit-transition: background 300ms ease-out;
  transition: background 300ms ease-out;
  color: white;
  padding: 0;
}

.c3 {
  display: -webkit-box;
  display: -webkit-flex;
  display: -ms-flexbox;
  display: flex;
  -webkit-align-items: center;
  -webkit-box-align: center;
  -ms-flex-align: center;
  align-items: center;
  -webkit-box-pack: start;
  -webkit-justify-content: flex-start;
  -ms-flex-pack: start;
  justify-content: flex-start;
}

.c10 {
  display: -webkit-box;
  display: -webkit-flex;
  display: -ms-flexbox;
  display: flex;
  -webkit-align-items: center;
  -webkit-box-align: center;
  -ms-flex-align: center;
  align-items: center;
  -webkit-box-pack: end;
  -webkit-justify-content: flex-end;
  -ms-flex-pack: end;
  justify-content: flex-end;
}

.c1 {
  display: -webkit-box;
  display: -webkit-flex;
  display: -ms-flexbox;
  display: flex;
  -webkit-align-items: center;
  -webkit-box-align: center;
  -ms-flex-align: center;
  align-items: center;
  padding: 0 1.1111111111111112rem;
  -webkit-box-pack: justify;
  -webkit-justify-content: space-between;
  -ms-flex-pack: justify;
  justify-content: space-between;
}

.c13 {
  width: 1.4444444444444444rem;
  height: 1.4444444444444444rem;
  color: white;
}

.c11 {
  display: none;
  color: currentColor;
}

.c14 {
  margin-right: 0.5555555555555556rem;
}

.c4 {
  display: inline-block;
  vertical-align: center;
  margin-right: 1.9444444444444444rem;
}

@media (max-width:62.5em) {
  .c26 {
    display: -webkit-box;
    display: -webkit-flex;
    display: -ms-flexbox;
    display: flex;
    -webkit-align-items: center;
    -webkit-box-align: center;
    -ms-flex-align: center;
    align-items: center;
    -webkit-box-pack: justify;
    -webkit-justify-content: space-between;
    -ms-flex-pack: justify;
    justify-content: space-between;
    height: 2.7777777777777777rem;
  }
}

@media (max-width:62.5em) {
  .c16 {
    display: block;
    padding: 0;
  }

  .c16 span.algolia-autocomplete {
    display: block !important;
  }

  .c16 span.ds-dropdown-menu::before {
    display: none;
  }
}

@media (max-width:62.5em) {
  .c19 {
    padding: 0.5555555555555556rem 2.6666666666666665rem;
    display: block;
    width: 100%;
    background: rgb(219,112,147);
    color: white;
  }
}

@media (max-width:62.5em) {
  .c17 {
    position: absolute;
    top: 0.5rem;
    left: 0.5555555555555556rem;
    height: 1.7777777777777777rem;
    display: -webkit-box;
    display: -webkit-flex;
    display: -ms-flexbox;
    display: flex;
    -webkit-align-items: center;
    -webkit-box-align: center;
    -ms-flex-align: center;
    align-items: center;
    -webkit-box-pack: center;
    -webkit-justify-content: center;
    -ms-flex-pack: center;
    justify-content: center;
    width: 1.7777777777777777rem;
    z-index: 1;
    background: none;
    color: white;
  }
}

@media (max-width:62.5em) {
  .c1 .c2,
  .c1 .c9 .c21 {
    display: none;
  }
}

@media (max-width:62.5em) {
  .c15 {
    background: currentColor;
    overflow: auto;
    position: absolute;
    top: 0;
    left: 0;
    right: 0;
  }
}

@media (max-width:62.5em) {
  .c11 {
    display: none;
  }

  .c11 button {
    cursor: pointer;
    padding: 0;
    position: fixed;
    right: 0.5555555555555556rem;
    top: 0.6111111111111112rem;
    border: none;
    z-index: 2;
  }
}

@media (max-width:62.5em) {
  .c14 {
    position: fixed;
    top: 0;
    bottom: 0;
    left: 0;
    right: 0;
    z-index: 1;
    left: 0;
    display: none;
    background: #efefef;
    overflow-y: auto;
    margin: 0;
  }

  .c14 .algolia-autocomplete .ds-dropdown-menu {
    position: static !important;
    display: block;
    max-width: 100%;
    min-width: 0;
  }
}

<nav
  className="c0"
>
  <div
    className="c1"
  >
    <div
      className="c2 c3"
    >
      <a
        className="c4"
        href="/"
      >
        <div
          className="c5"
        />
      </a>
      <nav
        className="c6"
      >
        <a
          className="c7"
          href="/docs"
        >
          Documentation
        </a>
        <span
          className="c8"
        />
        <a
          className="c7"
          href="/showcase"
        >
          Showcase
        </a>
        <span
          className="c8"
        />
        <a
          className="c7"
          href="/ecosystem"
        >
          Ecosystem
        </a>
        <span
          className="c8"
        />
        <a
          className="c7"
          href="/releases"
        >
          Releases
        </a>
      </nav>
    </div>
    <div
      className="c9 c10"
    >
      <div
        className="c11"
      >
        <button
          onClick={[Function]}
        >
          <svg
            aria-hidden="true"
            className="c12 c13"
            fill="currentColor"
            focusable="false"
            viewBox="0 0 24 24"
            xmlns="http://www.w3.org/2000/svg"
          >
            <path
              d="M19 6.41L17.59 5 12 10.59 6.41 5 5 6.41 10.59 12 5 17.59 6.41 19 12 13.41 17.59 19 19 17.59 13.41 12z"
            />
            <path
              d="M0 0h24v24H0z"
              fill="none"
            />
          </svg>
        </button>
      </div>
      <div
        className="c14"
        onClick={[Function]}
      >
        <div
          className="c15"
        >
          <div>
            <form
              className="c16"
            >
              <label
                className="c17"
                htmlFor="docs-search-input"
              >
                <svg
                  aria-hidden="true"
                  className="c12 c18 "
                  fill="currentColor"
                  focusable="false"
                  viewBox="0 0 24 24"
                  xmlns="http://www.w3.org/2000/svg"
                >
                  <path
                    d="M15.5 14h-.79l-.28-.27A6.471 6.471 0 0016 9.5 6.5 6.5 0 109.5 16c1.61 0 3.09-.59 4.23-1.57l.27.28v.79l5 4.99L20.49 19l-4.99-5zm-6 0C7.01 14 5 11.99 5 9.5S7.01 5 9.5 5 14 7.01 14 9.5 11.99 14 9.5 14z"
                  />
                  <path
                    d="M0 0h24v24H0z"
                    fill="none"
                  />
                </svg>
              </label>
              <input
                className="c19"
                id="docs-search-input"
                placeholder="Search docs ..."
                type="search"
              />
            </form>
          </div>
        </div>
      </div>
      <nav
        className="c20 c21 "
      >
        <a
          className="c22"
          href="https://spectrum.chat/styled-components/"
        >
          <svg
            className="c23"
            height="14"
            viewBox="0 0 15 15"
            width="14"
          >
            <title>
              spectrum
            </title>
            <path
              d="M0 6.5V1c0-.6.4-1 1-1 9 .3 13.7 5 14 14 0 .6-.4 1-1 1H8.5c-.6 0-1-.4-1-1-.3-4.4-2-6.2-6.5-6.5-.6 0-1-.4-1-1z"
              fill="#FFF"
            />
          </svg>
        </a>
        <a
          className="c22"
          href="https://github.com/styled-components"
        >
          <svg
            aria-hidden="true"
            className="c24 c25"
            fill="currentColor"
            focusable="false"
            height="18"
            viewBox="0 0 496 512"
            xmlns="http://www.w3.org/2000/svg"
          >
            <path
              d="M165.9 397.4c0 2-2.3 3.6-5.2 3.6-3.3.3-5.6-1.3-5.6-3.6 0-2 2.3-3.6 5.2-3.6 3-.3 5.6 1.3 5.6 3.6zm-31.1-4.5c-.7 2 1.3 4.3 4.3 4.9 2.6 1 5.6 0 6.2-2s-1.3-4.3-4.3-5.2c-2.6-.7-5.5.3-6.2 2.3zm44.2-1.7c-2.9.7-4.9 2.6-4.6 4.9.3 2 2.9 3.3 5.9 2.6 2.9-.7 4.9-2.6 4.6-4.6-.3-1.9-3-3.2-5.9-2.9zM244.8 8C106.1 8 0 113.3 0 252c0 110.9 69.8 205.8 169.5 239.2 12.8 2.3 17.3-5.6 17.3-12.1 0-6.2-.3-40.4-.3-61.4 0 0-70 15-84.7-29.8 0 0-11.4-29.1-27.8-36.6 0 0-22.9-15.7 1.6-15.4 0 0 24.9 2 38.6 25.8 21.9 38.6 58.6 27.5 72.9 20.9 2.3-16 8.8-27.1 16-33.7-55.9-6.2-112.3-14.3-112.3-110.5 0-27.5 7.6-41.3 23.6-58.9-2.6-6.5-11.1-33.3 2.6-67.9 20.9-6.5 69 27 69 27 20-5.6 41.5-8.5 62.8-8.5s42.8 2.9 62.8 8.5c0 0 48.1-33.6 69-27 13.7 34.7 5.2 61.4 2.6 67.9 16 17.7 25.8 31.5 25.8 58.9 0 96.5-58.9 104.2-114.8 110.5 9.2 7.9 17 22.9 17 46.4 0 33.7-.3 75.4-.3 83.6 0 6.5 4.6 14.4 17.3 12.1C428.2 457.8 496 362.9 496 252 496 113.3 383.5 8 244.8 8zM97.2 352.9c-1.3 1-1 3.3.7 5.2 1.6 1.6 3.9 2.3 5.2 1 1.3-1 1-3.3-.7-5.2-1.6-1.6-3.9-2.3-5.2-1zm-10.8-8.1c-.7 1.3.3 2.9 2.3 3.9 1.6 1 3.6.7 4.3-.7.7-1.3-.3-2.9-2.3-3.9-2-.6-3.6-.3-4.3.7zm32.4 35.6c-1.6 1.3-1 4.3 1.3 6.2 2.3 2.3 5.2 2.6 6.5 1 1.3-1.3.7-4.3-1.3-6.2-2.2-2.3-5.2-2.6-6.5-1zm-11.4-14.7c-1.6 1-1.6 3.6 0 5.9 1.6 2.3 4.3 3.3 5.6 2.3 1.6-1.3 1.6-3.9 0-6.2-1.4-2.3-4-3.3-5.6-2z"
              fill="currentColor"
            />
          </svg>
        </a>
        <a
          className="c22"
          href="https://medium.com/styled-components"
        >
          <svg
            aria-hidden="true"
            className="c24 c25"
            fill="currentColor"
            focusable="false"
            height="18"
            viewBox="0 0 512 512"
            xmlns="http://www.w3.org/2000/svg"
          >
            <path
              d="M71.5 142.3c.6-5.9-1.7-11.8-6.1-15.8L20.3 72.1V64h140.2l108.4 237.7L364.2 64h133.7v8.1l-38.6 37c-3.3 2.5-5 6.7-4.3 10.8v272c-.7 4.1 1 8.3 4.3 10.8l37.7 37v8.1H307.3v-8.1l39.1-37.9c3.8-3.8 3.8-5 3.8-10.8V171.2L241.5 447.1h-14.7L100.4 171.2v184.9c-1.1 7.8 1.5 15.6 7 21.2l50.8 61.6v8.1h-144v-8L65 377.3c5.4-5.6 7.9-13.5 6.5-21.2V142.3z"
              fill="currentColor"
            />
          </svg>
        </a>
      </nav>
    </div>
  </div>
  <div
    className="c26"
  >
    <button
      className="c27 c28"
    >
      <svg
        className="c29"
        height="15"
        width="15"
        xmlns="http://www.w3.org/2000/svg"
        xmlnsXlink="http://www.w3.org/1999/xlink"
      >
        <title>
          close
        </title>
        <use
          fill="#FFF"
          transform="translate(1 1)"
          xlinkHref="#close"
        />
        <defs>
          <path
            d="M-.7.7l13 13 1.4-1.4-13-13L-.7.7zm13-1.4l-13 13 1.4 1.4 13-13-1.4-1.4z"
            id="close"
          />
        </defs>
      </svg>
    </button>
    <a
      aria-label="styled components"
      className="c30"
      href="/"
    >
      <div
        className="c31"
      />
    </a>
    <div>
      <button
        className="c27 c32"
        onClick={[Function]}
      >
        <svg
          aria-hidden="true"
          className="c12 c33"
          fill="currentColor"
          focusable="false"
          height={28}
          viewBox="0 0 24 24"
          width={28}
          xmlns="http://www.w3.org/2000/svg"
        >
          <path
            d="M15.5 14h-.79l-.28-.27A6.471 6.471 0 0016 9.5 6.5 6.5 0 109.5 16c1.61 0 3.09-.59 4.23-1.57l.27.28v.79l5 4.99L20.49 19l-4.99-5zm-6 0C7.01 14 5 11.99 5 9.5S7.01 5 9.5 5 14 7.01 14 9.5 11.99 14 9.5 14z"
          />
          <path
            d="M0 0h24v24H0z"
            fill="none"
          />
        </svg>
      </button>
      <button
        className="c27 c28"
      >
        <div
          className="c34"
        >
          <svg
            aria-hidden="true"
            className="c12 c35"
            fill="currentColor"
            focusable="false"
            height={36}
            viewBox="0 0 24 24"
            width={36}
            xmlns="http://www.w3.org/2000/svg"
          >
            <path
              d="M7.41 8.59L12 13.17l4.59-4.58L18 10l-6 6-6-6 1.41-1.41z"
            />
            <path
              d="M0 0h24v24H0V0z"
              fill="none"
            />
          </svg>
        </div>
      </button>
    </div>
    <div
      className="c36"
    >
      <nav
        className="c6"
      >
        <a
          className="c7"
          href="/docs"
        >
          Documentation
        </a>
        <span
          className="c8"
        />
        <a
          className="c7"
          href="/showcase"
        >
          Showcase
        </a>
        <span
          className="c8"
        />
        <a
          className="c7"
          href="/ecosystem"
        >
          Ecosystem
        </a>
        <span
          className="c8"
        />
        <a
          className="c7"
          href="/releases"
        >
          Releases
        </a>
      </nav>
      <div
        className="c37"
      >
        <nav
          className="c20"
        >
          <a
            className="c22"
            href="https://spectrum.chat/styled-components/"
          >
            <svg
              className="c23"
              height="14"
              viewBox="0 0 15 15"
              width="14"
            >
              <title>
                spectrum
              </title>
              <path
                d="M0 6.5V1c0-.6.4-1 1-1 9 .3 13.7 5 14 14 0 .6-.4 1-1 1H8.5c-.6 0-1-.4-1-1-.3-4.4-2-6.2-6.5-6.5-.6 0-1-.4-1-1z"
                fill="#FFF"
              />
            </svg>
          </a>
          <a
            className="c22"
            href="https://github.com/styled-components"
          >
            <svg
              aria-hidden="true"
              className="c24 c25"
              fill="currentColor"
              focusable="false"
              height="18"
              viewBox="0 0 496 512"
              xmlns="http://www.w3.org/2000/svg"
            >
              <path
                d="M165.9 397.4c0 2-2.3 3.6-5.2 3.6-3.3.3-5.6-1.3-5.6-3.6 0-2 2.3-3.6 5.2-3.6 3-.3 5.6 1.3 5.6 3.6zm-31.1-4.5c-.7 2 1.3 4.3 4.3 4.9 2.6 1 5.6 0 6.2-2s-1.3-4.3-4.3-5.2c-2.6-.7-5.5.3-6.2 2.3zm44.2-1.7c-2.9.7-4.9 2.6-4.6 4.9.3 2 2.9 3.3 5.9 2.6 2.9-.7 4.9-2.6 4.6-4.6-.3-1.9-3-3.2-5.9-2.9zM244.8 8C106.1 8 0 113.3 0 252c0 110.9 69.8 205.8 169.5 239.2 12.8 2.3 17.3-5.6 17.3-12.1 0-6.2-.3-40.4-.3-61.4 0 0-70 15-84.7-29.8 0 0-11.4-29.1-27.8-36.6 0 0-22.9-15.7 1.6-15.4 0 0 24.9 2 38.6 25.8 21.9 38.6 58.6 27.5 72.9 20.9 2.3-16 8.8-27.1 16-33.7-55.9-6.2-112.3-14.3-112.3-110.5 0-27.5 7.6-41.3 23.6-58.9-2.6-6.5-11.1-33.3 2.6-67.9 20.9-6.5 69 27 69 27 20-5.6 41.5-8.5 62.8-8.5s42.8 2.9 62.8 8.5c0 0 48.1-33.6 69-27 13.7 34.7 5.2 61.4 2.6 67.9 16 17.7 25.8 31.5 25.8 58.9 0 96.5-58.9 104.2-114.8 110.5 9.2 7.9 17 22.9 17 46.4 0 33.7-.3 75.4-.3 83.6 0 6.5 4.6 14.4 17.3 12.1C428.2 457.8 496 362.9 496 252 496 113.3 383.5 8 244.8 8zM97.2 352.9c-1.3 1-1 3.3.7 5.2 1.6 1.6 3.9 2.3 5.2 1 1.3-1 1-3.3-.7-5.2-1.6-1.6-3.9-2.3-5.2-1zm-10.8-8.1c-.7 1.3.3 2.9 2.3 3.9 1.6 1 3.6.7 4.3-.7.7-1.3-.3-2.9-2.3-3.9-2-.6-3.6-.3-4.3.7zm32.4 35.6c-1.6 1.3-1 4.3 1.3 6.2 2.3 2.3 5.2 2.6 6.5 1 1.3-1.3.7-4.3-1.3-6.2-2.2-2.3-5.2-2.6-6.5-1zm-11.4-14.7c-1.6 1-1.6 3.6 0 5.9 1.6 2.3 4.3 3.3 5.6 2.3 1.6-1.3 1.6-3.9 0-6.2-1.4-2.3-4-3.3-5.6-2z"
                fill="currentColor"
              />
            </svg>
          </a>
          <a
            className="c22"
            href="https://medium.com/styled-components"
          >
            <svg
              aria-hidden="true"
              className="c24 c25"
              fill="currentColor"
              focusable="false"
              height="18"
              viewBox="0 0 512 512"
              xmlns="http://www.w3.org/2000/svg"
            >
              <path
                d="M71.5 142.3c.6-5.9-1.7-11.8-6.1-15.8L20.3 72.1V64h140.2l108.4 237.7L364.2 64h133.7v8.1l-38.6 37c-3.3 2.5-5 6.7-4.3 10.8v272c-.7 4.1 1 8.3 4.3 10.8l37.7 37v8.1H307.3v-8.1l39.1-37.9c3.8-3.8 3.8-5 3.8-10.8V171.2L241.5 447.1h-14.7L100.4 171.2v184.9c-1.1 7.8 1.5 15.6 7 21.2l50.8 61.6v8.1h-144v-8L65 377.3c5.4-5.6 7.9-13.5 6.5-21.2V142.3z"
                fill="currentColor"
              />
            </svg>
          </a>
        </nav>
      </div>
    </div>
  </div>
</nav>
`;
