// Jest Snapshot v1, https://goo.gl/fbAQLP

exports[`Anchor renders correctly 1`] = `
.c5 {
  display: inline-block;
  vertical-align: middle;
  overflow: hidden;
}

.c0 {
  font-size: 1.7777777777777777rem;
  font-weight: 600;
  font-family: "Avenir Next",-apple-system,BlinkMacSystemFont,"Segoe UI",Helvetica,Arial,sans-serif,"Apple Color Emoji","Segoe UI Emoji","Segoe UI Symbol";
  margin: 2em 0 0.75em;
}

.c2 {
  position: relative;
  display: block;
  visibility: hidden;
  height: 0;
  top: -3.888888888888889rem;
}

.c4 {
  display: none;
  color: inherit;
  margin-left: 0.5555555555555556rem;
}

.c6 {
  width: 1.1111111111111112rem;
  opacity: 0.7;
  margin-top: -0.2777777777777778rem;
}

.c6:hover {
  opacity: 0.9;
}

.c1 {
  position: relative;
}

.c1:hover .c3 {
  display: inline-block;
}

@media (max-width:62.5em) {
  .c2 {
    top: -5rem;
  }
}

@media (max-width:62.5em) {
  .c1 .c3 {
    display: inline-block;
  }
}

<h2
  className="c0 c1"
>
  <div
    aria-hidden={true}
    className="c2"
  />
  <a
    className="c3 c4"
    href="#undefined"
  >
    <svg
      aria-hidden="true"
      className="c5 c6"
      fill="currentColor"
      focusable="false"
      height={null}
      viewBox="0 0 24 24"
      width={null}
      xmlns="http://www.w3.org/2000/svg"
    >
      <path
        d="M0 0h24v24H0z"
        fill="none"
      />
      <path
        d="M3.9 12c0-1.71 1.39-3.1 3.1-3.1h4V7H7c-2.76 0-5 2.24-5 5s2.24 5 5 5h4v-1.9H7c-1.71 0-3.1-1.39-3.1-3.1zM8 13h8v-2H8v2zm9-6h-4v1.9h4c1.71 0 3.1 1.39 3.1 3.1s-1.39 3.1-3.1 3.1h-4V17h4c2.76 0 5-2.24 5-5s-2.24-5-5-5z"
      />
    </svg>
  </a>
</h2>
`;
